<?xml version="1.0" encoding="UTF-8"?>
<TestRun id="3dec7a94-93ef-428c-a48c-d38cc8c8a2bb" name="Wangsong@WANGSONG-PC 2012-03-09 11:12:52" runUser="Wangsong-PC\Wangsong" xmlns="http://microsoft.com/schemas/VisualStudio/TeamTest/2010">
  <TestSettings name="本地" id="ea4079a7-9053-40e0-970a-dad4096e1d8c">
    <Description>这些设置为本地测试运行的默认测试设置。</Description>
    <Deployment enabled="false" runDeploymentRoot="Wangsong_WANGSONG-PC 2012-03-09 11_12_52">
      <DeploymentItem filename="C:\MyProject\Code\ToolingMan\ClassLibrary\bin\Debug\ClassLibrary.dll" />
    </Deployment>
    <Execution>
      <TestTypeSpecific />
      <AgentRule name="Execution Agents">
      </AgentRule>
    </Execution>
  </TestSettings>
  <Times creation="2012-03-09T11:12:52.6522000+08:00" queuing="2012-03-09T11:12:52.6582000+08:00" start="2012-03-09T11:12:52.6642000+08:00" finish="2012-03-09T11:12:52.9202000+08:00" />
  <ResultSummary outcome="Failed">
    <Counters total="1" executed="1" error="0" failed="1" timeout="0" aborted="0" inconclusive="0" passedButRunAborted="0" notRunnable="0" notExecuted="0" disconnected="0" warning="0" passed="0" completed="0" inProgress="0" pending="0" />
  </ResultSummary>
  <TestDefinitions>
    <UnitTest name="AddTest1" storage="c:\myproject\code\toolingman\testproject1\bin\debug\testproject1.dll" id="6fc3074d-9742-55a6-8c26-49e9d4ee50ab">
      <Execution id="3409080a-cd51-4481-96bd-08c2ca9dd756" />
      <TestMethod codeBase="C:/MyProject/Code/ToolingMan/TestProject1/bin/Debug/TestProject1.DLL" adapterTypeName="Microsoft.VisualStudio.TestTools.TestTypes.Unit.UnitTestAdapter, Microsoft.VisualStudio.QualityTools.Tips.UnitTest.Adapter, Version=10.0.0.0, Culture=neutral, PublicKeyToken=b03f5f7f11d50a3a" className="TestProject1.AccessoryRepositoryTest, TestProject1, Version=1.0.0.0, Culture=neutral, PublicKeyToken=null" name="AddTest1" />
    </UnitTest>
  </TestDefinitions>
  <TestLists>
    <TestList name="列表中未列出的结果" id="8c84fa94-04c1-424b-9868-57a2d4851a1d" />
    <TestList name="所有已加载的结果" id="19431567-8539-422a-85d7-44ee4e166bda" />
  </TestLists>
  <TestEntries>
    <TestEntry testId="6fc3074d-9742-55a6-8c26-49e9d4ee50ab" executionId="3409080a-cd51-4481-96bd-08c2ca9dd756" testListId="8c84fa94-04c1-424b-9868-57a2d4851a1d" />
  </TestEntries>
  <Results>
    <UnitTestResult executionId="3409080a-cd51-4481-96bd-08c2ca9dd756" testId="6fc3074d-9742-55a6-8c26-49e9d4ee50ab" testName="AddTest1" computerName="WANGSONG-PC" duration="00:00:00.0311550" startTime="2012-03-09T11:12:52.6742000+08:00" endTime="2012-03-09T11:12:52.9022000+08:00" testType="13cdc9d9-ddb5-4fa4-a97d-d965ccfc6d4b" outcome="Failed" testListId="8c84fa94-04c1-424b-9868-57a2d4851a1d" relativeResultsDirectory="3409080a-cd51-4481-96bd-08c2ca9dd756">
      <Output>
        <ErrorInfo>
          <Message>测试方法 TestProject1.AccessoryRepositoryTest.AddTest1 引发了异常: 
System.NullReferenceException: 未将对象引用设置到对象的实例。</Message>
          <StackTrace>    在 TestProject1.AccessoryRepositoryTest.AddTest1() 位置 C:\MyProject\Code\ToolingMan\TestProject1\AccessoryRepositoryTest.cs:行号 103
</StackTrace>
        </ErrorInfo>
      </Output>
    </UnitTestResult>
  </Results>
</TestRun>